#-----------------------------------------------------------
# Vivado v2024.1 (64-bit)
# SW Build 5076996 on Wed May 22 18:36:09 MDT 2024
# IP Build 5075265 on Wed May 22 21:45:21 MDT 2024
# SharedData Build 5076995 on Wed May 22 18:29:18 MDT 2024
# Start of session at: Sun Nov 10 19:39:07 2024
# Process ID: 67142
# Current directory: /home/morten/ntnu/2024H/esda2/ovinger/oving17/rtl
# Command line: vivado -mode batch -source program.tcl -log logs/program.log -journal logs/program.jou
# Log file: /home/morten/ntnu/2024H/esda2/ovinger/oving17/rtl/logs/program.log
# Journal file: /home/morten/ntnu/2024H/esda2/ovinger/oving17/rtl/logs/program.jou
# Running On        :laptop
# Platform          :Ubuntu
# Operating System  :Ubuntu 22.04.5 LTS
# Processor Detail  :AMD Ryzen 7 7840HS w/ Radeon 780M Graphics
# CPU Frequency     :1920.565 MHz
# CPU Physical cores:8
# CPU Logical cores :16
# Host memory       :15895 MB
# Swap memory       :2147 MB
# Total Virtual     :18042 MB
# Available Virtual :12461 MB
#-----------------------------------------------------------
source program.tcl
